// Jest Snapshot v1, https://goo.gl/fbAQLP

exports[`should rendered Photo should render my component 1`] = `
Array [
  <div>
    <img
      alt="No Display"
      className="single-photo"
      src="https://image.tmdb.org/t/p/w500//dzBtMocZuJbjLOXvrl4zGYigDzh.jpg"
    />
  </div>,
]
`;
